#-----------------------------------------------------------
# Vivado v2013.4
# SW Build 353583 on Mon Dec  9 17:38:55 MST 2013
# IP Build 208076 on Mon Dec  2 12:38:17 MST 2013
# Start of session at: Tue Jul 15 19:35:51 2014
# Process ID: 10180
# Log file: C:/Users/Shivam/Desktop/comp4601/labproduction/lab0_ip_1.0/lab0_ip_v1_0_project/vivado.log
# Journal file: C:/Users/Shivam/Desktop/comp4601/labproduction/lab0_ip_1.0/lab0_ip_v1_0_project\vivado.jou
#-----------------------------------------------------------
start_gui
open_project {C:\Users\Shivam\Desktop\comp4601\labproduction\lab0_ip_1.0\lab0_ip_v1_0_project\lab0_ip_v1_0_project.xpr}
update_compile_order -fileset sources_1
update_compile_order -fileset sources_1
update_compile_order -fileset sources_1
set_property source_mgmt_mode DisplayOnly [current_project]
update_compile_order -fileset sim_1
launch_runs synth_1
wait_on_run synth_1
reset_run synth_1
launch_runs synth_1
wait_on_run synth_1
ipx::open_core -upgrade true {C:/Users/Shivam/Desktop/comp4601/labproduction/lab0_ip_1.0/component.xml}
set_property version {2.0} [ipx::current_core]
ipx::create_xgui_files [ipx::current_core]
ipx::save_core [ipx::current_core]
update_ip_catalog -rebuild -repo_path c:/Users/Shivam/Desktop/comp4601/labproduction/lab0_ip_1.0
ipx::unload_core {xilinx.com:user:lab0_ip:2.0}
reset_run synth_1
launch_runs synth_1
wait_on_run synth_1
reset_run synth_1
launch_runs synth_1
wait_on_run synth_1
ipx::open_core -upgrade true {C:/Users/Shivam/Desktop/comp4601/labproduction/lab0_ip_1.0/component.xml}
set_property version {3.0} [ipx::current_core]
set_property display_name {lab0_ip_v3_0} [ipx::current_core]
ipx::create_xgui_files [ipx::current_core]
ipx::save_core [ipx::current_core]
update_ip_catalog -rebuild -repo_path c:/Users/Shivam/Desktop/comp4601/labproduction/lab0_ip_1.0
ipx::unload_core {xilinx.com:user:lab0_ip:3.0}
reset_run synth_1
launch_runs synth_1
wait_on_run synth_1
reset_run synth_1
launch_runs synth_1
wait_on_run synth_1
reset_run synth_1
launch_runs synth_1
wait_on_run synth_1
ipx::open_core -upgrade true {C:/Users/Shivam/Desktop/comp4601/labproduction/lab0_ip_1.0/component.xml}
set_property version {4.0} [ipx::current_core]
set_property display_name {lab0_ip_v4_0} [ipx::current_core]
ipx::create_xgui_files [ipx::current_core]
ipx::save_core [ipx::current_core]
update_ip_catalog -rebuild -repo_path c:/Users/Shivam/Desktop/comp4601/labproduction/lab0_ip_1.0
ipx::unload_core {xilinx.com:user:lab0_ip:4.0}
